// Jest Snapshot v1, https://goo.gl/fbAQLP

exports[`<App> renders the same output 1`] = `
<div>
  <Layout>
    <BurgerBuilder />
  </Layout>
</div>
`;
