// Jest Snapshot v1, https://goo.gl/fbAQLP

exports[`<Toolbar> renders the same output 1`] = `
<header
  className="Toolbar"
>
  <div>
    MENU
  </div>
  <Logo />
  <nav>
    ...
  </nav>
</header>
`;
